<p>a code block without language definition.</p>
<pre><code><span class="hljs-keyword">var</span> obj = <span class="hljs-keyword">new</span> Shizzle(),
    html = <span class="hljs-string">"&lt;p&gt;Foo &lt;strong&gt;Bar&lt;/strong&gt;&lt;/p&gt;"</span>;
<span class="hljs-function"><span class="hljs-keyword">function</span> <span class="hljs-title">foo</span><span class="hljs-params">(bar, baz)</span> </span>{
    <span class="hljs-keyword">return</span> <span class="hljs-built_in">parseInt</span>(bar.val) % baz.getVal();
}
<span class="hljs-comment">// a comment.</span>
<span class="hljs-built_in">console</span>.log(foo({val: <span class="hljs-string">"123"</span>}, obj));
</code></pre>
<p>a code block with language definition.</p>
<pre><code class="lang-javascript"><span class="hljs-keyword">var</span> obj = <span class="hljs-keyword">new</span> Shizzle(),
    html = <span class="hljs-string">"&lt;p&gt;Foo &lt;strong&gt;Bar&lt;/strong&gt;&lt;/p&gt;"</span>;
<span class="hljs-function"><span class="hljs-keyword">function</span> <span class="hljs-title">foo</span><span class="hljs-params">(bar, baz)</span> </span>{
    <span class="hljs-keyword">return</span> <span class="hljs-built_in">parseInt</span>(bar.val) % baz.getVal();
}

<span class="hljs-comment">// a comment.</span>
<span class="hljs-built_in">console</span>.log(foo({val: <span class="hljs-string">"123"</span>}, obj));
</code></pre>
<p>a code block with unknown language definition.</p>
<pre><code><span class="hljs-keyword">var</span> obj = <span class="hljs-keyword">new</span> Shizzle(),
    html = <span class="hljs-string">"&lt;p&gt;Foo &lt;strong&gt;Bar&lt;/strong&gt;&lt;/p&gt;"</span>;
<span class="hljs-function"><span class="hljs-keyword">function</span> <span class="hljs-title">foo</span><span class="hljs-params">(bar, baz)</span> </span>{
    <span class="hljs-keyword">return</span> <span class="hljs-built_in">parseInt</span>(bar.val) % baz.getVal();
}

<span class="hljs-comment">// a comment.</span>
<span class="hljs-built_in">console</span>.log(foo({val: <span class="hljs-string">"123"</span>}, obj));
</code></pre>