<h1 id="toc_0">Further Tests</h1>

<h2 id="toc_1">The <code>SAFELINK</code> Flag</h2>

<p><a href="http://domain.tld">a safe link</a></p>

<p>[an &ldquo;unsafe&rdquo; link](ssh://domain.tld)</p>

<h2 id="toc_2">XHTML Conformance</h2>

<p>This line break â†’<br/>
should be XHTML-conformant.</p>
