<h1>A Markdown Post</h1>

<p>I am <strong>so</strong> markdown.</p>

<p>Hey, <em>this</em> is <code>code</code> with ÚŦF châracters!</p>

<p>And <em>here</em> some <strong>other</strong> &ldquo;stuff&rdquo;.</p>

<h2>And now&hellip;</h2>

<ul>
<li>something</li>
<li>completely</li>
<li>different&hellip;</li>
</ul>
