<p>![a not rendered image](/some/image.png)</p>

<p>[a not rendered link](http://domain.tld/)</p>

<p>Can someone please tell me how to generate style tags with markdown, so i can<br>
write a test for preventing it?  At least, this text is a test for hard line<br>
breaks.</p>
